МИНИСТЕРСТВО НАУКИ И ВЫСШЕГО ОБРАЗОВАНИЯ РОССИЙСКОЙ ФЕДЕРАЦИИ федеральное государственное автономное образовательное учреждение высшего образования «САНКТ-ПЕТЕРБУРГСКИЙ ГОСУДАРСТВЕННЫЙ УНИВЕРСИТЕТ АЭРОКОСМИЧЕСКОГО ПРИБОРОСТРОЕНИЯ» (ГУАП) КАФЕДРА 44 Преподаватель д-р техн. наук, профессор Гордеев А.В. Отчет по лабораторной работе № 1 по дисциплине Открытые системы на тему: « Установка GNU/Linux как второй операционной системы » Работу выполнил студент гр. 434 2 Иванов С.М. Санкт-Петербург 202 5 Цель работы научиться устанавливать Linux, п ознакомиться с MBR и GPT, изучить процесс загрузки операционной системы. Ход работы: Установили virtualbox с windows 11: Половина диска отдана windows, половина linux. Выбран